Drill report for E:\Github\MigitePad\MigitePad.kicad_pcb
Created on 3/29/2020 8:01:39 PM

Copper Layer Stackup:
    =============================================================
    L1 :  F.Cu                      front
    L2 :  B.Cu                      back


Drill file 'MigitePad-PTH.drl' contains
    plated through holes:
    =============================================================
    T1  0.01mm  0.000"  (60 holes)
    T2  0.40mm  0.016"  (83 holes)
    T3  0.81mm  0.032"  (4 holes)
    T4  0.99mm  0.039"  (2 holes)
    T5  1.00mm  0.039"  (70 holes)
    T6  1.10mm  0.043"  (24 holes)
    T7  1.30mm  0.051"  (2 holes)
    T8  3.10mm  0.122"  (120 holes)

    Total plated holes count 365


Drill file 'MigitePad-NPTH.drl' contains
    unplated through holes:
    =============================================================
    T1  1.20mm  0.047"  (1 hole)
    T2  1.50mm  0.059"  (2 holes)  (with 2 slots)
    T3  1.75mm  0.069"  (60 holes)
    T4  3.05mm  0.120"  (6 holes)
    T5  3.99mm  0.157"  (36 holes)
    T6  4.70mm  0.185"  (6 holes)

    Total unplated holes count 111
